// Jest Snapshot v1, https://goo.gl/fbAQLP

exports[`CV renders without crashing 1`] = `
<div
  id="cvContainer"
>
  <p>
    CV implemented using react, react-bootstrap and
     
    <a
      href="https://jsonresume.org/schema/"
    >
      jsonresume
    </a>
    . It's source can be found
     
    <a
      href="https://www.github.com/strongpauly/cv"
    >
      here
    </a>
    .
  </p>
  <HiFrame
    src="/cv/index.html"
    title="cv"
  />
</div>
`;
