// Jest Snapshot v1, https://goo.gl/fbAQLP

exports[`Home renders without crashing 1`] = `
<div
  id="homeContainer"
>
  <p>
    This is a portfolio of projects used in investigations into technologies by London based, full stack developer, Paul Potsides.
  </p>
  <p>
    Currently, this is mainly client side and react based projects, but I will hopefully be expanding this into some Java or Node based middle tier projects too.
  </p>
  <p>
    This site was built using react, react-bootstrap and react-router.  It's source can be found 
    <a
      href="https://www.github.com/strongpauly/website"
    >
      here
    </a>
  </p>
</div>
`;
