// Jest Snapshot v1, https://goo.gl/fbAQLP

exports[`Minesweeper renders without crashing 1`] = `
<div
  id="minesweeperContainer"
>
  <p>
    An implementation of the classic game using react. It's source can be found
     
    <a
      href="https://www.github.com/strongpauly/minesweeper"
    >
      here
    </a>
    .
  </p>
  <HiFrame
    src="/minesweeper/index.html"
    title="minesweeper"
  />
</div>
`;
