// Jest Snapshot v1, https://goo.gl/fbAQLP

exports[`Tetris renders without crashing 1`] = `
<div
  id="tetrisContainer"
>
  <p>
    The classic Gameboy game implemented with react and redux. It's source can be found
     
    <a
      href="https://github.com/strongpauly/tetris"
    >
      here
    </a>
    .
  </p>
  <HiFrame
    src="/tetris/index.html"
    title="tetris"
  />
</div>
`;
