// Jest Snapshot v1, https://goo.gl/fbAQLP

exports[`WordGame renders without crashing 1`] = `
<div
  id="wordGameContainer"
>
  <div
    className="container"
  >
    A simple word game implemented using react.  Select words of the length suggested by the box below the grid.
    <ul>
      <li>
        The + will start a new game.
      </li>
      <li>
        The ♺ will reset the game.
      </li>
      <li>
        The ? will provide a hint. 
      </li>
    </ul>
    If the game can no longer be completed, the ♺ will rotate. It's source can be found 
    <a
      href="https://www.github.com/strongpauly/wordgame"
    >
      here
    </a>
    .
  </div>
  <HiFrame
    src="/wordgame"
    title="wordgame"
  />
</div>
`;
