// Jest Snapshot v1, https://goo.gl/fbAQLP

exports[`Routes renders correct routes 1`] = `
<Row
  bsClass="row"
  componentClass="div"
>
  <Col
    bsClass="col"
    componentClass="div"
    xs={12}
  >
    <Switch>
      <Redirect
        exact={true}
        from="/"
        push={false}
        to="/r/home"
      />
      <Route
        component={[Function]}
        path="/r/home"
      />
    </Switch>
    <Route
      component={[Function]}
      path="/r/cv"
    />
    <Route
      component={[Function]}
      path="/r/oss"
    />
    <Route
      component={[Function]}
      path="/r/minesweeper"
    />
    <Route
      component={[Function]}
      path="/r/wordgame"
    />
    <Route
      component={[Function]}
      path="/r/tetris"
    />
  </Col>
</Row>
`;
