// Jest Snapshot v1, https://goo.gl/fbAQLP

exports[`Routes renders correct routes 1`] = `
<Row
  bsClass="row"
  componentClass="div"
>
  <Redirect
    exact={true}
    from="/"
    push={false}
    to="/r/home"
  />
  <Route
    component={[Function]}
    path="/r/home"
  />
  <Route
    component={[Function]}
    path="/r/cv"
  />
  <Route
    component={[Function]}
    path="/r/minesweeper"
  />
  <Route
    component={[Function]}
    path="/r/wordgame"
  />
  <Route
    component={[Function]}
    path="/r/tetris"
  />
</Row>
`;
